../Drivers/CMSIS/Include/core_cm4.h:1676:26:__NVIC_GetPriorityGrouping	4	static
../Drivers/CMSIS/Include/core_cm4.h:1688:22:__NVIC_EnableIRQ	16	static
../Drivers/CMSIS/Include/core_cm4.h:1816:22:__NVIC_SetPriority	16	static
../Drivers/CMSIS/Include/core_cm4.h:1863:26:NVIC_EncodePriority	40	static
../Drivers/STM32F3xx_HAL_Driver/Inc/stm32f3xx_ll_tim.h:1407:22:LL_TIM_EnableCounter	16	static
../Drivers/STM32F3xx_HAL_Driver/Inc/stm32f3xx_ll_tim.h:1418:22:LL_TIM_DisableCounter	16	static
../Drivers/STM32F3xx_HAL_Driver/Inc/stm32f3xx_ll_tim.h:1598:22:LL_TIM_DisableARRPreload	16	static
../Drivers/STM32F3xx_HAL_Driver/Inc/stm32f3xx_ll_tim.h:4065:22:LL_TIM_ClearFlag_UPDATE	16	static
../Drivers/STM32F3xx_HAL_Driver/Inc/stm32f3xx_ll_tim.h:4076:26:LL_TIM_IsActiveFlag_UPDATE	16	static
../Drivers/STM32F3xx_HAL_Driver/Inc/stm32f3xx_ll_tim.h:4921:22:LL_TIM_GenerateEvent_UPDATE	16	static
../Drivers/STM32F3xx_HAL_Driver/Inc/stm32f3xx_ll_bus.h:849:22:LL_APB2_GRP1_EnableClock	24	static
../Core/Src/main.c:115:6:HAL_UARTEx_RxEventCallback	16	static
../Core/Src/main.c:124:6:crc_decode	72	static
../Core/Src/main.c:149:5:main	16	static
../Core/Src/main.c:268:6:SystemClock_Config	160	static
../Core/Src/main.c:316:13:MX_TIM16_Init	32	static
../Core/Src/main.c:357:13:MX_TIM17_Init	32	static
../Core/Src/main.c:398:13:MX_USART1_UART_Init	8	static
../Core/Src/main.c:433:13:MX_USART2_UART_Init	8	static
../Core/Src/main.c:468:13:MX_WWDG_Init	8	static
../Core/Src/main.c:499:13:MX_GPIO_Init	40	static
../Core/Src/main.c:542:6:Error_Handler	4	static,ignoring_inline_asm
